Archive member included to satisfy reference by file (symbol)

/opt/st/stm32cubeide_1.18.0/plugins/com.st.stm32cube.ide.mcu.externaltools.gnu-tools-for-stm32.13.3.rel1.linux64_1.0.0.202410170706/tools/bin/../lib/gcc/arm-none-eabi/13.3.1/../../../../arm-none-eabi/lib/thumb/v7e-m/nofp/libc_nano.a(libc_a-exit.o)
                              /opt/st/stm32cubeide_1.18.0/plugins/com.st.stm32cube.ide.mcu.externaltools.gnu-tools-for-stm32.13.3.rel1.linux64_1.0.0.202410170706/tools/bin/../lib/gcc/arm-none-eabi/13.3.1/../../../../arm-none-eabi/lib/thumb/v7e-m/nofp/crt0.o (exit)
/opt/st/stm32cubeide_1.18.0/plugins/com.st.stm32cube.ide.mcu.externaltools.gnu-tools-for-stm32.13.3.rel1.linux64_1.0.0.202410170706/tools/bin/../lib/gcc/arm-none-eabi/13.3.1/../../../../arm-none-eabi/lib/thumb/v7e-m/nofp/libc_nano.a(libc_a-findfp.o)
                              /opt/st/stm32cubeide_1.18.0/plugins/com.st.stm32cube.ide.mcu.externaltools.gnu-tools-for-stm32.13.3.rel1.linux64_1.0.0.202410170706/tools/bin/../lib/gcc/arm-none-eabi/13.3.1/../../../../arm-none-eabi/lib/thumb/v7e-m/nofp/libc_nano.a(libc_a-exit.o) (__stdio_exit_handler)
/opt/st/stm32cubeide_1.18.0/plugins/com.st.stm32cube.ide.mcu.externaltools.gnu-tools-for-stm32.13.3.rel1.linux64_1.0.0.202410170706/tools/bin/../lib/gcc/arm-none-eabi/13.3.1/../../../../arm-none-eabi/lib/thumb/v7e-m/nofp/libc_nano.a(libc_a-fwalk.o)
                              /opt/st/stm32cubeide_1.18.0/plugins/com.st.stm32cube.ide.mcu.externaltools.gnu-tools-for-stm32.13.3.rel1.linux64_1.0.0.202410170706/tools/bin/../lib/gcc/arm-none-eabi/13.3.1/../../../../arm-none-eabi/lib/thumb/v7e-m/nofp/libc_nano.a(libc_a-findfp.o) (_fwalk_sglue)
/opt/st/stm32cubeide_1.18.0/plugins/com.st.stm32cube.ide.mcu.externaltools.gnu-tools-for-stm32.13.3.rel1.linux64_1.0.0.202410170706/tools/bin/../lib/gcc/arm-none-eabi/13.3.1/../../../../arm-none-eabi/lib/thumb/v7e-m/nofp/libc_nano.a(libc_a-stdio.o)
                              /opt/st/stm32cubeide_1.18.0/plugins/com.st.stm32cube.ide.mcu.externaltools.gnu-tools-for-stm32.13.3.rel1.linux64_1.0.0.202410170706/tools/bin/../lib/gcc/arm-none-eabi/13.3.1/../../../../arm-none-eabi/lib/thumb/v7e-m/nofp/libc_nano.a(libc_a-findfp.o) (__sread)
/opt/st/stm32cubeide_1.18.0/plugins/com.st.stm32cube.ide.mcu.externaltools.gnu-tools-for-stm32.13.3.rel1.linux64_1.0.0.202410170706/tools/bin/../lib/gcc/arm-none-eabi/13.3.1/../../../../arm-none-eabi/lib/thumb/v7e-m/nofp/libc_nano.a(libc_a-memset.o)
                              /opt/st/stm32cubeide_1.18.0/plugins/com.st.stm32cube.ide.mcu.externaltools.gnu-tools-for-stm32.13.3.rel1.linux64_1.0.0.202410170706/tools/bin/../lib/gcc/arm-none-eabi/13.3.1/../../../../arm-none-eabi/lib/thumb/v7e-m/nofp/crt0.o (memset)
/opt/st/stm32cubeide_1.18.0/plugins/com.st.stm32cube.ide.mcu.externaltools.gnu-tools-for-stm32.13.3.rel1.linux64_1.0.0.202410170706/tools/bin/../lib/gcc/arm-none-eabi/13.3.1/../../../../arm-none-eabi/lib/thumb/v7e-m/nofp/libc_nano.a(libc_a-closer.o)
                              /opt/st/stm32cubeide_1.18.0/plugins/com.st.stm32cube.ide.mcu.externaltools.gnu-tools-for-stm32.13.3.rel1.linux64_1.0.0.202410170706/tools/bin/../lib/gcc/arm-none-eabi/13.3.1/../../../../arm-none-eabi/lib/thumb/v7e-m/nofp/libc_nano.a(libc_a-stdio.o) (_close_r)
/opt/st/stm32cubeide_1.18.0/plugins/com.st.stm32cube.ide.mcu.externaltools.gnu-tools-for-stm32.13.3.rel1.linux64_1.0.0.202410170706/tools/bin/../lib/gcc/arm-none-eabi/13.3.1/../../../../arm-none-eabi/lib/thumb/v7e-m/nofp/libc_nano.a(libc_a-reent.o)
                              /opt/st/stm32cubeide_1.18.0/plugins/com.st.stm32cube.ide.mcu.externaltools.gnu-tools-for-stm32.13.3.rel1.linux64_1.0.0.202410170706/tools/bin/../lib/gcc/arm-none-eabi/13.3.1/../../../../arm-none-eabi/lib/thumb/v7e-m/nofp/libc_nano.a(libc_a-closer.o) (errno)
/opt/st/stm32cubeide_1.18.0/plugins/com.st.stm32cube.ide.mcu.externaltools.gnu-tools-for-stm32.13.3.rel1.linux64_1.0.0.202410170706/tools/bin/../lib/gcc/arm-none-eabi/13.3.1/../../../../arm-none-eabi/lib/thumb/v7e-m/nofp/libc_nano.a(libc_a-impure.o)
                              /opt/st/stm32cubeide_1.18.0/plugins/com.st.stm32cube.ide.mcu.externaltools.gnu-tools-for-stm32.13.3.rel1.linux64_1.0.0.202410170706/tools/bin/../lib/gcc/arm-none-eabi/13.3.1/../../../../arm-none-eabi/lib/thumb/v7e-m/nofp/libc_nano.a(libc_a-reent.o) (_impure_ptr)
/opt/st/stm32cubeide_1.18.0/plugins/com.st.stm32cube.ide.mcu.externaltools.gnu-tools-for-stm32.13.3.rel1.linux64_1.0.0.202410170706/tools/bin/../lib/gcc/arm-none-eabi/13.3.1/../../../../arm-none-eabi/lib/thumb/v7e-m/nofp/libc_nano.a(libc_a-lseekr.o)
                              /opt/st/stm32cubeide_1.18.0/plugins/com.st.stm32cube.ide.mcu.externaltools.gnu-tools-for-stm32.13.3.rel1.linux64_1.0.0.202410170706/tools/bin/../lib/gcc/arm-none-eabi/13.3.1/../../../../arm-none-eabi/lib/thumb/v7e-m/nofp/libc_nano.a(libc_a-stdio.o) (_lseek_r)
[...]
Memory Configuration

Name             Origin             Length             Attributes
CCMRAM           0x10000000         0x00010000         xrw
RAM              0x20000000         0x00020000         xrw
FLASH            0x08000000         0x00100000         xr
*default*        0x00000000         0xffffffff

Linker script and memory map

LOAD /opt/st/stm32cubeide_1.18.0/plugins/com.st.stm32cube.ide.mcu.externaltools.gnu-tools-for-stm32.13.3.rel1.linux64_1.0.0.202410170706/tools/bin/../lib/gcc/arm-none-eabi/13.3.1/thumb/v7e-m/nofp/crti.o
LOAD /opt/st/stm32cubeide_1.18.0/plugins/com.st.stm32cube.ide.mcu.externaltools.gnu-tools-for-stm32.13.3.rel1.linux64_1.0.0.202410170706/tools/bin/../lib/gcc/arm-none-eabi/13.3.1/thumb/v7e-m/nofp/crtbegin.o
LOAD /opt/st/stm32cubeide_1.18.0/plugins/com.st.stm32cube.ide.mcu.externaltools.gnu-tools-for-stm32.13.3.rel1.linux64_1.0.0.202410170706/tools/bin/../lib/gcc/arm-none-eabi/13.3.1/../../../../arm-none-eabi/lib/thumb/v7e-m/nofp/crt0.o
LOAD ./Src/IR.o
LOAD ./Src/itm.o
LOAD ./Src/main.o
LOAD ./Src/syscalls.o
LOAD ./Src/sysmem.o
LOAD ./Src/system_stm32f4xx.o
LOAD ./Src/timer.o
LOAD ./Startup/startup_stm32f407vgtx.o
START GROUP
LOAD /opt/st/stm32cubeide_1.18.0/plugins/com.st.stm32cube.ide.mcu.externaltools.gnu-tools-for-stm32.13.3.rel1.linux64_1.0.0.202410170706/tools/bin/../lib/gcc/arm-none-eabi/13.3.1/../../../../arm-none-eabi/lib/thumb/v7e-m/nofp/libc_nano.a
LOAD /opt/st/stm32cubeide_1.18.0/plugins/com.st.stm32cube.ide.mcu.externaltools.gnu-tools-for-stm32.13.3.rel1.linux64_1.0.0.202410170706/tools/bin/../lib/gcc/arm-none-eabi/13.3.1/../../../../arm-none-eabi/lib/thumb/v7e-m/nofp/libm.a
END GROUP
START GROUP
LOAD /opt/st/stm32cubeide_1.18.0/plugins/com.st.stm32cube.ide.mcu.externaltools.gnu-tools-for-stm32.13.3.rel1.linux64_1.0.0.202410170706/tools/bin/../lib/gcc/arm-none-eabi/13.3.1/thumb/v7e-m/nofp/libgcc.a
LOAD /opt/st/stm32cubeide_1.18.0/plugins/com.st.stm32cube.ide.mcu.externaltools.gnu-tools-for-stm32.13.3.rel1.linux64_1.0.0.202410170706/tools/bin/../lib/gcc/arm-none-eabi/13.3.1/../../../../arm-none-eabi/lib/thumb/v7e-m/nofp/libc_nano.a
END GROUP
START GROUP
LOAD /opt/st/stm32cubeide_1.18.0/plugins/com.st.stm32cube.ide.mcu.externaltools.gnu-tools-for-stm32.13.3.rel1.linux64_1.0.0.202410170706/tools/bin/../lib/gcc/arm-none-eabi/13.3.1/thumb/v7e-m/nofp/libgcc.a
LOAD /opt/st/stm32cubeide_1.18.0/plugins/com.st.stm32cube.ide.mcu.externaltools.gnu-tools-for-stm32.13.3.rel1.linux64_1.0.0.202410170706/tools/bin/../lib/gcc/arm-none-eabi/13.3.1/../../../../arm-none-eabi/lib/thumb/v7e-m/nofp/libc_nano.a
LOAD /opt/st/stm32cubeide_1.18.0/plugins/com.st.stm32cube.ide.mcu.externaltools.gnu-tools-for-stm32.13.3.rel1.linux64_1.0.0.202410170706/tools/bin/../lib/gcc/arm-none-eabi/13.3.1/../../../../arm-none-eabi/lib/thumb/v7e-m/nofp/libnosys.a
END GROUP
START GROUP
LOAD /opt/st/stm32cubeide_1.18.0/plugins/com.st.stm32cube.ide.mcu.externaltools.gnu-tools-for-stm32.13.3.rel1.linux64_1.0.0.202410170706/tools/bin/../lib/gcc/arm-none-eabi/13.3.1/thumb/v7e-m/nofp/libgcc.a
LOAD /opt/st/stm32cubeide_1.18.0/plugins/com.st.stm32cube.ide.mcu.externaltools.gnu-tools-for-stm32.13.3.rel1.linux64_1.0.0.202410170706/tools/bin/../lib/gcc/arm-none-eabi/13.3.1/../../../../arm-none-eabi/lib/thumb/v7e-m/nofp/libc_nano.a
LOAD /opt/st/stm32cubeide_1.18.0/plugins/com.st.stm32cube.ide.mcu.externaltools.gnu-tools-for-stm32.13.3.rel1.linux64_1.0.0.202410170706/tools/bin/../lib/gcc/arm-none-eabi/13.3.1/../../../../arm-none-eabi/lib/thumb/v7e-m/nofp/libnosys.a
END GROUP
LOAD /opt/st/stm32cubeide_1.18.0/plugins/com.st.stm32cube.ide.mcu.externaltools.gnu-tools-for-stm32.13.3.rel1.linux64_1.0.0.202410170706/tools/bin/../lib/gcc/arm-none-eabi/13.3.1/thumb/v7e-m/nofp/crtend.o
LOAD /opt/st/stm32cubeide_1.18.0/plugins/com.st.stm32cube.ide.mcu.externaltools.gnu-tools-for-stm32.13.3.rel1.linux64_1.0.0.202410170706/tools/bin/../lib/gcc/arm-none-eabi/13.3.1/thumb/v7e-m/nofp/crtn.o
                0x20020000                        _estack = (ORIGIN (RAM) + LENGTH (RAM))
                0x00000200                        _Min_Heap_Size = 0x200
                0x00000400                        _Min_Stack_Size = 0x400

.isr_vector     0x08000000      0x188
                0x08000000                        . = ALIGN (0x4)
 *(.isr_vector)
 .isr_vector    0x08000000      0x188 ./Startup/startup_stm32f407vgtx.o
                0x08000000                g_pfnVectors
                0x08000188                        . = ALIGN (0x4)

.text           0x08000188      0x3e4
                0x08000188                        . = ALIGN (0x4)
 *(.text)
 .text          0x08000188       0x40 /opt/st/stm32cubeide_1.18.0/plugins/com.st.stm32cube.ide.mcu.externaltools.gnu-tools-for-stm32.13.3.rel1.linux64_1.0.0.202410170706/tools/bin/../lib/gcc/arm-none-eabi/13.3.1/thumb/v7e-m/nofp/crtbegin.o
 *(.text*)
 .text.__NVIC_EnableIRQ
                0x080001c8       0x38 ./Src/IR.o
 .text.DelayMs  0x08000200       0x50 ./Src/IR.o
 .text.ir_init  0x08000250       0x9c ./Src/IR.o
                0x08000250                ir_init
 .text.EXTI0_IRQHandler
                0x080002ec       0x34 ./Src/IR.o
                0x080002ec                EXTI0_IRQHandler
 .text.led_on   0x08000320       0x1c ./Src/IR.o
                0x08000320                led_on
 .text.led_off  0x0800033c       0x1c ./Src/IR.o
                0x0800033c                led_off
 .text.main     0x08000358       0x10 ./Src/main.o
                0x08000358                main
 .text.SystemInit
                0x08000368        0xc ./Src/system_stm32f4xx.o
                0x08000368                SystemInit
 .text.DWT_Init
                0x08000374       0x60 ./Src/system_stm32f4xx.o
                0x08000374                DWT_Init
 .text.__NVIC_EnableIRQ
                0x080003d4       0x38 ./Src/timer.o
 .text.timer_init
                0x0800040c       0x5c ./Src/timer.o
                0x0800040c                timer_init
 .text.TIM2_IRQHandler
                0x08000468       0x50 ./Src/timer.o
                0x08000468                TIM2_IRQHandler
 .text.Reset_Handler
                0x080004b8       0x50 ./Startup/startup_stm32f407vgtx.o
                0x080004b8                Reset_Handler
 .text.Default_Handler
                0x08000508        0x2 ./Startup/startup_stm32f407vgtx.o
                0x08000508                RTC_Alarm_IRQHandler
                0x08000508                HASH_RNG_IRQHandler
                0x08000508                EXTI2_IRQHandler
                0x08000508                TIM8_CC_IRQHandler
                0x08000508                DebugMon_Handler
                0x08000508                TIM1_CC_IRQHandler
                0x08000508                DMA2_Stream5_IRQHandler
                0x08000508                HardFault_Handler
                0x08000508                DMA1_Stream5_IRQHandler
                0x08000508                SysTick_Handler
                0x08000508                PVD_IRQHandler
                0x08000508                SDIO_IRQHandler
                0x08000508                TAMP_STAMP_IRQHandler
                0x08000508                PendSV_Handler
                0x08000508                NMI_Handler
                0x08000508                CAN2_RX1_IRQHandler
                0x08000508                EXTI3_IRQHandler
                0x08000508                TIM8_TRG_COM_TIM14_IRQHandler
                0x08000508                TIM1_UP_TIM10_IRQHandler
                0x08000508                TIM8_UP_TIM13_IRQHandler
                0x08000508                I2C3_ER_IRQHandler
                0x08000508                I2C2_EV_IRQHandler
                0x08000508                DMA1_Stream2_IRQHandler
                0x08000508                CAN1_RX0_IRQHandler
                0x08000508                FPU_IRQHandler
                0x08000508                OTG_HS_WKUP_IRQHandler
                0x08000508                UsageFault_Handler
                0x08000508                CAN2_SCE_IRQHandler
                0x08000508                DMA2_Stream2_IRQHandler
                0x08000508                SPI1_IRQHandler
                0x08000508                TIM6_DAC_IRQHandler
                0x08000508                TIM1_BRK_TIM9_IRQHandler
                0x08000508                DCMI_IRQHandler
                0x08000508                CAN2_RX0_IRQHandler
                0x08000508                DMA2_Stream3_IRQHandler
                0x08000508                USART6_IRQHandler
                0x08000508                USART3_IRQHandler
                0x08000508                CRYP_IRQHandler
                0x08000508                CAN1_RX1_IRQHandler
                0x08000508                UART5_IRQHandler
                0x08000508                DMA2_Stream0_IRQHandler
                0x08000508                TIM4_IRQHandler
                0x08000508                I2C1_EV_IRQHandler
                0x08000508                DMA1_Stream6_IRQHandler
                0x08000508                DMA1_Stream1_IRQHandler
                0x08000508                UART4_IRQHandler
                0x08000508                TIM3_IRQHandler
                0x08000508                RCC_IRQHandler
                0x08000508                TIM8_BRK_TIM12_IRQHandler
                0x08000508                Default_Handler
                0x08000508                EXTI15_10_IRQHandler
                0x08000508                ADC_IRQHandler
                0x08000508                DMA1_Stream7_IRQHandler
                0x08000508                TIM7_IRQHandler
                0x08000508                CAN2_TX_IRQHandler
                0x08000508                TIM5_IRQHandler
                0x08000508                DMA2_Stream7_IRQHandler
                0x08000508                I2C3_EV_IRQHandler
                0x08000508                EXTI9_5_IRQHandler
                0x08000508                RTC_WKUP_IRQHandler
                0x08000508                ETH_WKUP_IRQHandler
                0x08000508                SPI2_IRQHandler
                0x08000508                OTG_HS_EP1_IN_IRQHandler
                0x08000508                MemManage_Handler
                0x08000508                DMA1_Stream0_IRQHandler
                0x08000508                CAN1_TX_IRQHandler
                0x08000508                SVC_Handler
                0x08000508                EXTI4_IRQHandler
                0x08000508                FSMC_IRQHandler
                0x08000508                ETH_IRQHandler
                0x08000508                OTG_HS_EP1_OUT_IRQHandler
                0x08000508                WWDG_IRQHandler
                0x08000508                OTG_FS_WKUP_IRQHandler
                0x08000508                TIM1_TRG_COM_TIM11_IRQHandler
                0x08000508                OTG_HS_IRQHandler
                0x08000508                EXTI1_IRQHandler
                0x08000508                USART2_IRQHandler
                0x08000508                I2C2_ER_IRQHandler
                0x08000508                DMA2_Stream1_IRQHandler
                0x08000508                CAN1_SCE_IRQHandler
                0x08000508                DMA2_Stream4_IRQHandler
                0x08000508                BusFault_Handler
                0x08000508                USART1_IRQHandler
                0x08000508                OTG_FS_IRQHandler
                0x08000508                SPI3_IRQHandler
                0x08000508                DMA1_Stream4_IRQHandler
                0x08000508                I2C1_ER_IRQHandler
                0x08000508                DMA2_Stream6_IRQHandler
                0x08000508                DMA1_Stream3_IRQHandler
 *fill*         0x0800050a        0x2 
 .text.__libc_init_array
                0x0800050c       0x48 /opt/st/stm32cubeide_1.18.0/plugins/com.st.stm32cube.ide.mcu.externaltools.gnu-tools-for-stm32.13.3.rel1.linux64_1.0.0.202410170706/tools/bin/../lib/gcc/arm-none-eabi/13.3.1/../../../../arm-none-eabi/lib/thumb/v7e-m/nofp/libc_nano.a(libc_a-init.o)
                0x0800050c                __libc_init_array
 *(.glue_7)
 .glue_7        0x08000554        0x0 linker stubs
 *(.glue_7t)
 .glue_7t       0x08000554        0x0 linker stubs
 *(.eh_frame)
 .eh_frame      0x08000554        0x0 /opt/st/stm32cubeide_1.18.0/plugins/com.st.stm32cube.ide.mcu.externaltools.gnu-tools-for-stm32.13.3.rel1.linux64_1.0.0.202410170706/tools/bin/../lib/gcc/arm-none-eabi/13.3.1/thumb/v7e-m/nofp/crtbegin.o
 *(.init)
 .init          0x08000554        0x4 /opt/st/stm32cubeide_1.18.0/plugins/com.st.stm32cube.ide.mcu.externaltools.gnu-tools-for-stm32.13.3.rel1.linux64_1.0.0.202410170706/tools/bin/../lib/gcc/arm-none-eabi/13.3.1/thumb/v7e-m/nofp/crti.o
                0x08000554                _init
 .init          0x08000558        0x8 /opt/st/stm32cubeide_1.18.0/plugins/com.st.stm32cube.ide.mcu.externaltools.gnu-tools-for-stm32.13.3.rel1.linux64_1.0.0.202410170706/tools/bin/../lib/gcc/arm-none-eabi/13.3.1/thumb/v7e-m/nofp/crtn.o
 *(.fini)
 .fini          0x08000560        0x4 /opt/st/stm32cubeide_1.18.0/plugins/com.st.stm32cube.ide.mcu.externaltools.gnu-tools-for-stm32.13.3.rel1.linux64_1.0.0.202410170706/tools/bin/../lib/gcc/arm-none-eabi/13.3.1/thumb/v7e-m/nofp/crti.o
                0x08000560                _fini
 .fini          0x08000564        0x8 /opt/st/stm32cubeide_1.18.0/plugins/com.st.stm32cube.ide.mcu.externaltools.gnu-tools-for-stm32.13.3.rel1.linux64_1.0.0.202410170706/tools/bin/../lib/gcc/arm-none-eabi/13.3.1/thumb/v7e-m/nofp/crtn.o
                0x0800056c                        . = ALIGN (0x4)
                0x0800056c                        _etext = .

.vfp11_veneer   0x0800056c        0x0
 .vfp11_veneer  0x0800056c        0x0 linker stubs

.v4_bx          0x0800056c        0x0
 .v4_bx         0x0800056c        0x0 linker stubs

.iplt           0x0800056c        0x0
 .iplt          0x0800056c        0x0 /opt/st/stm32cubeide_1.18.0/plugins/com.st.stm32cube.ide.mcu.externaltools.gnu-tools-for-stm32.13.3.rel1.linux64_1.0.0.202410170706/tools/bin/../lib/gcc/arm-none-eabi/13.3.1/thumb/v7e-m/nofp/crtbegin.o

.rodata         0x0800056c        0x0
                0x0800056c                        . = ALIGN (0x4)
 *(.rodata)
 *(.rodata*)
                0x0800056c                        . = ALIGN (0x4)

.ARM.extab      0x0800056c        0x0
                0x0800056c                        . = ALIGN (0x4)
 *(.ARM.extab* .gnu.linkonce.armextab.*)
                0x0800056c                        . = ALIGN (0x4)

.ARM            0x0800056c        0x0
                0x0800056c                        . = ALIGN (0x4)
                0x0800056c                        __exidx_start = .
 *(.ARM.exidx*)
                0x0800056c                        __exidx_end = .
                0x0800056c                        . = ALIGN (0x4)

.preinit_array  0x0800056c        0x0
                0x0800056c                        . = ALIGN (0x4)
                0x0800056c                        PROVIDE (__preinit_array_start = .)
 *(.preinit_array*)
                0x0800056c                        PROVIDE (__preinit_array_end = .)
                0x0800056c                        . = ALIGN (0x4)

.init_array     0x0800056c        0x4
                0x0800056c                        . = ALIGN (0x4)
                0x0800056c                        PROVIDE (__init_array_start = .)
 *(SORT_BY_NAME(.init_array.*))
 *(.init_array*)
 .init_array    0x0800056c        0x4 /opt/st/stm32cubeide_1.18.0/plugins/com.st.stm32cube.ide.mcu.externaltools.gnu-tools-for-stm32.13.3.rel1.linux64_1.0.0.202410170706/tools/bin/../lib/gcc/arm-none-eabi/13.3.1/thumb/v7e-m/nofp/crtbegin.o
                0x08000570                        PROVIDE (__init_array_end = .)
                0x08000570                        . = ALIGN (0x4)

.fini_array     0x08000570        0x4
                0x08000570                        . = ALIGN (0x4)
                [!provide]                        PROVIDE (__fini_array_start = .)
 *(SORT_BY_NAME(.fini_array.*))
 *(.fini_array*)
 .fini_array    0x08000570        0x4 /opt/st/stm32cubeide_1.18.0/plugins/com.st.stm32cube.ide.mcu.externaltools.gnu-tools-for-stm32.13.3.rel1.linux64_1.0.0.202410170706/tools/bin/../lib/gcc/arm-none-eabi/13.3.1/thumb/v7e-m/nofp/crtbegin.o
                [!provide]                        PROVIDE (__fini_array_end = .)
                0x08000574                        . = ALIGN (0x4)
                0x08000574                        _sidata = LOADADDR (.data)

.rel.dyn        0x08000574        0x0
 .rel.iplt      0x08000574        0x0 /opt/st/stm32cubeide_1.18.0/plugins/com.st.stm32cube.ide.mcu.externaltools.gnu-tools-for-stm32.13.3.rel1.linux64_1.0.0.202410170706/tools/bin/../lib/gcc/arm-none-eabi/13.3.1/thumb/v7e-m/nofp/crtbegin.o

.data           0x20000000        0x4 load address 0x08000574
                0x20000000                        . = ALIGN (0x4)
                0x20000000                        _sdata = .
 *(.data)
 *(.data*)
 .data.SystemCoreClock
                0x20000000        0x4 ./Src/system_stm32f4xx.o
                0x20000000                SystemCoreClock
 *(.RamFunc)
 *(.RamFunc*)
                0x20000004                        . = ALIGN (0x4)
                0x20000004                        _edata = .
                0x08000578                        _siccmram = LOADADDR (.ccmram)

.igot.plt       0x20000004        0x0 load address 0x08000578
 .igot.plt      0x20000004        0x0 /opt/st/stm32cubeide_1.18.0/plugins/com.st.stm32cube.ide.mcu.externaltools.gnu-tools-for-stm32.13.3.rel1.linux64_1.0.0.202410170706/tools/bin/../lib/gcc/arm-none-eabi/13.3.1/thumb/v7e-m/nofp/crtbegin.o

.ccmram         0x10000000        0x0 load address 0x08000578
                0x10000000                        . = ALIGN (0x4)
                0x10000000                        _sccmram = .
 *(.ccmram)
 *(.ccmram*)
                0x10000000                        . = ALIGN (0x4)
                0x10000000                        _eccmram = .
                0x10000000                        . = ALIGN (0x4)

.bss            0x20000004       0x20
                0x20000004                        _sbss = .
                0x20000004                        __bss_start__ = _sbss
 *(.bss)
 .bss           0x20000004       0x1c /opt/st/stm32cubeide_1.18.0/plugins/com.st.stm32cube.ide.mcu.externaltools.gnu-tools-for-stm32.13.3.rel1.linux64_1.0.0.202410170706/tools/bin/../lib/gcc/arm-none-eabi/13.3.1/thumb/v7e-m/nofp/crtbegin.o
 *(.bss*)
 .bss.state.0   0x20000020        0x1 ./Src/timer.o
 *(COMMON)
                0x20000024                        . = ALIGN (0x4)
 *fill*         0x20000021        0x3 
                0x20000024                        _ebss = .
                0x20000024                        __bss_end__ = _ebss

._user_heap_stack
                0x20000024      0x604
                0x20000028                        . = ALIGN (0x8)
 *fill*         0x20000024        0x4 
                [!provide]                        PROVIDE (end = .)
                0x20000028                        PROVIDE (_end = .)
                0x20000228                        . = (. + _Min_Heap_Size)
 *fill*         0x20000028      0x200 
                0x20000628                        . = (. + _Min_Stack_Size)
 *fill*         0x20000228      0x400 
                0x20000628                        . = ALIGN (0x8)

/DISCARD/
 libc.a(*)
 libm.a(*)
 libgcc.a(*)

.ARM.attributes
                0x00000000       0x2a
 *(.ARM.attributes)
 .ARM.attributes
                0x00000000       0x1e /opt/st/stm32cubeide_1.18.0/plugins/com.st.stm32cube.ide.mcu.externaltools.gnu-tools-for-stm32.13.3.rel1.linux64_1.0.0.202410170706/tools/bin/../lib/gcc/arm-none-eabi/13.3.1/thumb/v7e-m/nofp/crti.o
 .ARM.attributes
                0x0000001e       0x2e /opt/st/stm32cubeide_1.18.0/plugins/com.st.stm32cube.ide.mcu.externaltools.gnu-tools-for-stm32.13.3.rel1.linux64_1.0.0.202410170706/tools/bin/../lib/gcc/arm-none-eabi/13.3.1/thumb/v7e-m/nofp/crtbegin.o
 .ARM.attributes
                0x0000004c       0x2e ./Src/IR.o
 .ARM.attributes
                0x0000007a       0x2e ./Src/main.o
 .ARM.attributes
                0x000000a8       0x2e ./Src/system_stm32f4xx.o
 .ARM.attributes
                0x000000d6       0x2e ./Src/timer.o
 .ARM.attributes
                0x00000104       0x21 ./Startup/startup_stm32f407vgtx.o
 .ARM.attributes
                0x00000125       0x2e /opt/st/stm32cubeide_1.18.0/plugins/com.st.stm32cube.ide.mcu.externaltools.gnu-tools-for-stm32.13.3.rel1.linux64_1.0.0.202410170706/tools/bin/../lib/gcc/arm-none-eabi/13.3.1/../../../../arm-none-eabi/lib/thumb/v7e-m/nofp/libc_nano.a(libc_a-init.o)
 .ARM.attributes
                0x00000153       0x1e /opt/st/stm32cubeide_1.18.0/plugins/com.st.stm32cube.ide.mcu.externaltools.gnu-tools-for-stm32.13.3.rel1.linux64_1.0.0.202410170706/tools/bin/../lib/gcc/arm-none-eabi/13.3.1/thumb/v7e-m/nofp/crtn.o
OUTPUT(RPM_METER.elf elf32-littlearm)
LOAD linker stubs
LOAD /opt/st/stm32cubeide_1.18.0/plugins/com.st.stm32cube.ide.mcu.externaltools.gnu-tools-for-stm32.13.3.rel1.linux64_1.0.0.202410170706/tools/bin/../lib/gcc/arm-none-eabi/13.3.1/../../../../arm-none-eabi/lib/thumb/v7e-m/nofp/libc.a
LOAD /opt/st/stm32cubeide_1.18.0/plugins/com.st.stm32cube.ide.mcu.externaltools.gnu-tools-for-stm32.13.3.rel1.linux64_1.0.0.202410170706/tools/bin/../lib/gcc/arm-none-eabi/13.3.1/../../../../arm-none-eabi/lib/thumb/v7e-m/nofp/libm.a
LOAD /opt/st/stm32cubeide_1.18.0/plugins/com.st.stm32cube.ide.mcu.externaltools.gnu-tools-for-stm32.13.3.rel1.linux64_1.0.0.202410170706/tools/bin/../lib/gcc/arm-none-eabi/13.3.1/thumb/v7e-m/nofp/libgcc.a

.debug_info     0x00000000     0x170c
 .debug_info    0x00000000      0x973 ./Src/IR.o
 .debug_info    0x00000973       0xaf ./Src/main.o
 .debug_info    0x00000a22      0x546 ./Src/system_stm32f4xx.o
 .debug_info    0x00000f68      0x774 ./Src/timer.o
 .debug_info    0x000016dc       0x30 ./Startup/startup_stm32f407vgtx.o

.debug_abbrev   0x00000000      0x52b
 .debug_abbrev  0x00000000      0x1c2 ./Src/IR.o
 .debug_abbrev  0x000001c2       0x60 ./Src/main.o
 .debug_abbrev  0x00000222      0x163 ./Src/system_stm32f4xx.o
 .debug_abbrev  0x00000385      0x182 ./Src/timer.o
 .debug_abbrev  0x00000507       0x24 ./Startup/startup_stm32f407vgtx.o

.debug_aranges  0x00000000       0xf8
 .debug_aranges
                0x00000000       0x48 ./Src/IR.o
 .debug_aranges
                0x00000048       0x20 ./Src/main.o
 .debug_aranges
                0x00000068       0x38 ./Src/system_stm32f4xx.o
 .debug_aranges
                0x000000a0       0x30 ./Src/timer.o
 .debug_aranges
                0x000000d0       0x28 ./Startup/startup_stm32f407vgtx.o

.debug_rnglists
                0x00000000       0xa3
 .debug_rnglists
                0x00000000       0x32 ./Src/IR.o
 .debug_rnglists
                0x00000032       0x13 ./Src/main.o
 .debug_rnglists
                0x00000045       0x26 ./Src/system_stm32f4xx.o
 .debug_rnglists
                0x0000006b       0x1f ./Src/timer.o
 .debug_rnglists
                0x0000008a       0x19 ./Startup/startup_stm32f407vgtx.o

.debug_macro    0x00000000    0x18fe1
 .debug_macro   0x00000000       0xdd ./Src/IR.o
 .debug_macro   0x000000dd      0xad8 ./Src/IR.o
 .debug_macro   0x00000bb5       0x2e ./Src/IR.o
 .debug_macro   0x00000be3       0x2f ./Src/IR.o
 .debug_macro   0x00000c12       0x22 ./Src/IR.o
 .debug_macro   0x00000c34       0x8e ./Src/IR.o
 .debug_macro   0x00000cc2       0x51 ./Src/IR.o
 .debug_macro   0x00000d13      0x103 ./Src/IR.o
 .debug_macro   0x00000e16       0x6a ./Src/IR.o
 .debug_macro   0x00000e80      0x1df ./Src/IR.o
 .debug_macro   0x0000105f       0x1c ./Src/IR.o
 .debug_macro   0x0000107b       0x22 ./Src/IR.o
 .debug_macro   0x0000109d       0xd9 ./Src/IR.o
 .debug_macro   0x00001176     0x102d ./Src/IR.o
 .debug_macro   0x000021a3      0x11f ./Src/IR.o
 .debug_macro   0x000022c2    0x15e3c ./Src/IR.o
 .debug_macro   0x000180fe       0x4a ./Src/IR.o
 .debug_macro   0x00018148       0x10 ./Src/IR.o
 .debug_macro   0x00018158      0x1cd ./Src/main.o
 .debug_macro   0x00018325       0x61 ./Src/main.o
 .debug_macro   0x00018386       0x24 ./Src/main.o
 .debug_macro   0x000183aa       0x43 ./Src/main.o
 .debug_macro   0x000183ed       0x34 ./Src/main.o
 .debug_macro   0x00018421       0x16 ./Src/main.o
 .debug_macro   0x00018437       0x9e ./Src/main.o
 .debug_macro   0x000184d5      0x370 ./Src/main.o
 .debug_macro   0x00018845      0x112 ./Src/main.o
 .debug_macro   0x00018957       0x10 ./Src/main.o
 .debug_macro   0x00018967       0x16 ./Src/main.o
 .debug_macro   0x0001897d       0x4a ./Src/main.o
 .debug_macro   0x000189c7       0x34 ./Src/main.o
 .debug_macro   0x000189fb       0x10 ./Src/main.o
 .debug_macro   0x00018a0b       0x58 ./Src/main.o
 .debug_macro   0x00018a63       0x8e ./Src/main.o
 .debug_macro   0x00018af1       0x1c ./Src/main.o
 .debug_macro   0x00018b0d      0x185 ./Src/main.o
 .debug_macro   0x00018c92       0x16 ./Src/main.o
 .debug_macro   0x00018ca8       0x16 ./Src/main.o
 .debug_macro   0x00018cbe      0x146 ./Src/main.o
 .debug_macro   0x00018e04       0x10 ./Src/main.o
 .debug_macro   0x00018e14       0xe1 ./Src/system_stm32f4xx.o
 .debug_macro   0x00018ef5       0xec ./Src/timer.o

.debug_line     0x00000000     0x13dc
 .debug_line    0x00000000      0x4e7 ./Src/IR.o
 .debug_line    0x000004e7      0x53a ./Src/main.o
 .debug_line    0x00000a21      0x4d0 ./Src/system_stm32f4xx.o
 .debug_line    0x00000ef1      0x470 ./Src/timer.o
 .debug_line    0x00001361       0x7b ./Startup/startup_stm32f407vgtx.o

.debug_str      0x00000000    0x8be13
 .debug_str     0x00000000    0x8be13 ./Src/IR.o
                              0x8835f (size before relaxing)
 .debug_str     0x0008be13    0x8b6cd ./Src/main.o
 .debug_str     0x0008be13    0x87e22 ./Src/system_stm32f4xx.o
 .debug_str     0x0008be13    0x88294 ./Src/timer.o
 .debug_str     0x0008be13       0x6d ./Startup/startup_stm32f407vgtx.o

.comment        0x00000000       0x43
 .comment       0x00000000       0x43 ./Src/IR.o
                                 0x44 (size before relaxing)
 .comment       0x00000043       0x44 ./Src/main.o
 .comment       0x00000043       0x44 ./Src/system_stm32f4xx.o
 .comment       0x00000043       0x44 ./Src/timer.o

.debug_frame    0x00000000      0x224
 .debug_frame   0x00000000       0xd8 ./Src/IR.o
 .debug_frame   0x000000d8       0x2c ./Src/main.o
 .debug_frame   0x00000104       0x84 ./Src/system_stm32f4xx.o
 .debug_frame   0x00000188       0x70 ./Src/timer.o
 .debug_frame   0x000001f8       0x2c /opt/st/stm32cubeide_1.18.0/plugins/com.st.stm32cube.ide.mcu.externaltools.gnu-tools-for-stm32.13.3.rel1.linux64_1.0.0.202410170706/tools/bin/../lib/gcc/arm-none-eabi/13.3.1/../../../../arm-none-eabi/lib/thumb/v7e-m/nofp/libc_nano.a(libc_a-init.o)

.debug_loclists
                0x00000000       0x25
 .debug_loclists
                0x00000000       0x25 ./Src/system_stm32f4xx.o

.debug_line_str
                0x00000000       0x51
 .debug_line_str
                0x00000000       0x51 ./Startup/startup_stm32f407vgtx.o
